******************************************************************************
                  TI ARM Linker PC v18.12.4                    
******************************************************************************
>> Linked Thu Sep 10 00:41:46 2020

OUTPUT FILE NAME:   <blinky_MSP_EXP432E401Y_nortos_ccs.out>
ENTRY POINT SYMBOL: "_c_int00_noargs"  address: 000006dd


MEMORY CONFIGURATION

         name            origin    length      used     unused   attr    fill
----------------------  --------  ---------  --------  --------  ----  --------
  FLASH                 00000000   00100000  000007ae  000ff852  R  X
  SRAM                  20000000   00040000  00000204  0003fdfc  RW X


SEGMENT ALLOCATION MAP

run origin  load origin   length   init length attrs members
----------  ----------- ---------- ----------- ----- -------
00000000    00000000    000007b0   000007b0    r-x
  00000000    00000000    00000208   00000208    r-- .intvecs
  00000208    00000208    0000058e   0000058e    r-x .text
  00000798    00000798    00000018   00000018    r-- .cinit
20000000    20000000    00000204   00000000    rw-
  20000000    20000000    00000200   00000000    rw- .stack
  20000200    20000200    00000004   00000000    rw- .data


SECTION ALLOCATION MAP

 output                                  attributes/
section   page    origin      length       input sections
--------  ----  ----------  ----------   ----------------
.intvecs   0    00000000    00000208     
                  00000000    00000208     startup_msp432e401y_ccs.obj (.intvecs:retain)

.text      0    00000208    0000058e     
                  00000208    0000023a     msp432e4_driverlib.a : gpio.o (.text:GPIOPadConfigSet)
                  00000442    0000009c     rtsv7M4_T_le_v4SPD16_eabi.lib : memcpy_t2.asm.obj (.text)
                  000004de    00000002     startup_msp432e401y_ccs.obj (.text:Default_Handler)
                  000004e0    00000070     blinky.obj (.text:main)
                  00000550    00000068     rtsv7M4_T_le_v4SPD16_eabi.lib : copy_decompress_lzss.c.obj (.text:decompress:lzss:__TI_decompress_lzss)
                  000005b8    0000005c     msp432e4_driverlib.a : gpio.o (.text:GPIODirModeSet)
                  00000614    00000044                          : sysctl.o (.text:SysCtlPeripheralReady)
                  00000658    00000044     rtsv7M4_T_le_v4SPD16_eabi.lib : autoinit.c.obj (.text:__TI_auto_init_nobinit_nopinit:__TI_auto_init_nobinit_nopinit)
                  0000069c    00000040     msp432e4_driverlib.a : sysctl.o (.text:SysCtlPeripheralEnable)
                  000006dc    00000034     rtsv7M4_T_le_v4SPD16_eabi.lib : boot_cortex_m.c.obj (.text:_c_int00_noargs:_c_int00_noargs)
                  00000710    00000024     msp432e4_driverlib.a : gpio.o (.text:GPIOPinTypeGPIOOutput)
                  00000734    00000020                          : gpio.o (.text:GPIOPinWrite)
                  00000754    00000020     system_msp432e401y.obj (.text:SystemInit)
                  00000774    0000000e     rtsv7M4_T_le_v4SPD16_eabi.lib : copy_decompress_none.c.obj (.text:decompress:none:__TI_decompress_none)
                  00000782    0000000c     startup_msp432e401y_ccs.obj (.text:Reset_Handler)
                  0000078e    00000004     rtsv7M4_T_le_v4SPD16_eabi.lib : pre_init.c.obj (.text:_system_pre_init)
                  00000792    00000004                                   : exit.c.obj (.text:abort:abort)

.cinit     0    00000798    00000018     
                  00000798    00000008     (.cinit..data.load) [load image, compression = lzss]
                  000007a0    00000008     (__TI_handler_table)
                  000007a8    00000008     (__TI_cinit_table)

.init_array 
*          0    00000000    00000000     UNINITIALIZED

.data      0    20000200    00000004     UNINITIALIZED
                  20000200    00000004     system_msp432e401y.obj (.data)

.stack     0    20000000    00000200     UNINITIALIZED
                  20000000    00000004     rtsv7M4_T_le_v4SPD16_eabi.lib : boot_cortex_m.c.obj (.stack)
                  20000004    000001fc     --HOLE--

MODULE SUMMARY

       Module                        code   ro data   rw data
       ------                        ----   -------   -------
    .\
       blinky.obj                    112    0         0      
       system_msp432e401y.obj        32     0         4      
    +--+-----------------------------+------+---------+---------+
       Total:                        144    0         4      
                                                             
    .\ccs\
       startup_msp432e401y_ccs.obj   14     520       0      
    +--+-----------------------------+------+---------+---------+
       Total:                        14     520       0      
                                                             
    D:/ti/simplelink_msp432e4_sdk_3_40_01_02/source/ti/devices/msp432e4/driverlib/lib/ccs/m4f/msp432e4_driverlib.a
       gpio.o                        730    0         0      
       sysctl.o                      132    0         0      
    +--+-----------------------------+------+---------+---------+
       Total:                        862    0         0      
                                                             
    D:\ti\ccs930\ccs\tools\compiler\ti-cgt-arm_18.12.4.LTS\lib\rtsv7M4_T_le_v4SPD16_eabi.lib
       memcpy_t2.asm.obj             156    0         0      
       copy_decompress_lzss.c.obj    104    0         0      
       autoinit.c.obj                68     0         0      
       boot_cortex_m.c.obj           52     0         0      
       copy_decompress_none.c.obj    14     0         0      
       exit.c.obj                    4      0         0      
       pre_init.c.obj                4      0         0      
    +--+-----------------------------+------+---------+---------+
       Total:                        402    0         0      
                                                             
       Stack:                        0      0         512    
       Linker Generated:             0      24        0      
    +--+-----------------------------+------+---------+---------+
       Grand Total:                  1422   544       516    


LINKER GENERATED COPY TABLES

__TI_cinit_table @ 000007a8 records: 1, size/record: 8, table size: 8
	.data: load addr=00000798, load size=00000008 bytes, run addr=20000200, run size=00000004 bytes, compression=lzss


LINKER GENERATED HANDLER TABLE

__TI_handler_table @ 000007a0 records: 2, size/record: 4, table size: 8
	index: 0, handler: __TI_decompress_lzss
	index: 1, handler: __TI_decompress_none


GLOBAL SYMBOLS: SORTED ALPHABETICALLY BY Name 

address   name                          
-------   ----                          
000004df  ADC0SS0_IRQHandler            
000004df  ADC0SS1_IRQHandler            
000004df  ADC0SS2_IRQHandler            
000004df  ADC0SS3_IRQHandler            
000004df  ADC1SS0_IRQHandler            
000004df  ADC1SS1_IRQHandler            
000004df  ADC1SS2_IRQHandler            
000004df  ADC1SS3_IRQHandler            
000004df  AES0_IRQHandler               
000004df  BusFault_Handler              
00000793  C$$EXIT                       
000004df  CAN0_IRQHandler               
000004df  CAN1_IRQHandler               
000004df  COMP0_IRQHandler              
000004df  COMP1_IRQHandler              
000004df  COMP2_IRQHandler              
000004df  DES0_IRQHandler               
000004df  DebugMon_Handler              
000004df  Default_Handler               
000004df  EMAC0_IRQHandler              
000004df  EPI0_IRQHandler               
000004df  FLASH_IRQHandler              
000004df  GPIOA_IRQHandler              
000004df  GPIOB_IRQHandler              
000004df  GPIOC_IRQHandler              
000004df  GPIOD_IRQHandler              
000005b9  GPIODirModeSet                
000004df  GPIOE_IRQHandler              
000004df  GPIOF_IRQHandler              
000004df  GPIOG_IRQHandler              
000004df  GPIOH_IRQHandler              
000004df  GPIOJ_IRQHandler              
000004df  GPIOK_IRQHandler              
000004df  GPIOL_IRQHandler              
000004df  GPIOM_IRQHandler              
000004df  GPION_IRQHandler              
000004df  GPIOP0_IRQHandler             
000004df  GPIOP1_IRQHandler             
000004df  GPIOP2_IRQHandler             
000004df  GPIOP3_IRQHandler             
000004df  GPIOP4_IRQHandler             
000004df  GPIOP5_IRQHandler             
000004df  GPIOP6_IRQHandler             
000004df  GPIOP7_IRQHandler             
00000209  GPIOPadConfigSet              
00000711  GPIOPinTypeGPIOOutput         
00000735  GPIOPinWrite                  
000004df  GPIOQ0_IRQHandler             
000004df  GPIOQ1_IRQHandler             
000004df  GPIOQ2_IRQHandler             
000004df  GPIOQ3_IRQHandler             
000004df  GPIOQ4_IRQHandler             
000004df  GPIOQ5_IRQHandler             
000004df  GPIOQ6_IRQHandler             
000004df  GPIOQ7_IRQHandler             
000004df  HIBERNATE_IRQHandler          
000004df  HardFault_Handler             
000004df  I2C0_IRQHandler               
000004df  I2C1_IRQHandler               
000004df  I2C2_IRQHandler               
000004df  I2C3_IRQHandler               
000004df  I2C4_IRQHandler               
000004df  I2C5_IRQHandler               
000004df  I2C6_IRQHandler               
000004df  I2C7_IRQHandler               
000004df  I2C8_IRQHandler               
000004df  I2C9_IRQHandler               
000004df  MemManage_Handler             
000004df  NMI_Handler                   
000004df  PWM0_0_IRQHandler             
000004df  PWM0_1_IRQHandler             
000004df  PWM0_2_IRQHandler             
000004df  PWM0_3_IRQHandler             
000004df  PWM0_FAULT_IRQHandler         
000004df  PendSV_Handler                
000004df  QEI0_IRQHandler               
00000783  Reset_Handler                 
000004df  SHA0_IRQHandler               
000004df  SSI0_IRQHandler               
000004df  SSI1_IRQHandler               
000004df  SSI2_IRQHandler               
000004df  SSI3_IRQHandler               
000004df  SVC_Handler                   
000004df  SYSCTL_IRQHandler             
000004df  SYSEXC_IRQHandler             
0000069d  SysCtlPeripheralEnable        
00000615  SysCtlPeripheralReady         
000004df  SysTick_Handler               
20000200  SystemCoreClock               
00000755  SystemInit                    
000004df  TAMPER0_IRQHandler            
000004df  TIMER0A_IRQHandler            
000004df  TIMER0B_IRQHandler            
000004df  TIMER1A_IRQHandler            
000004df  TIMER1B_IRQHandler            
000004df  TIMER2A_IRQHandler            
000004df  TIMER2B_IRQHandler            
000004df  TIMER3A_IRQHandler            
000004df  TIMER3B_IRQHandler            
000004df  TIMER4A_IRQHandler            
000004df  TIMER4B_IRQHandler            
000004df  TIMER5A_IRQHandler            
000004df  TIMER5B_IRQHandler            
000004df  TIMER6A_IRQHandler            
000004df  TIMER6B_IRQHandler            
000004df  TIMER7A_IRQHandler            
000004df  TIMER7B_IRQHandler            
000004df  UART0_IRQHandler              
000004df  UART1_IRQHandler              
000004df  UART2_IRQHandler              
000004df  UART3_IRQHandler              
000004df  UART4_IRQHandler              
000004df  UART5_IRQHandler              
000004df  UART6_IRQHandler              
000004df  UART7_IRQHandler              
000004df  UDMAERR_IRQHandler            
000004df  UDMA_IRQHandler               
000004df  USB0_IRQHandler               
000004df  UsageFault_Handler            
000004df  WATCHDOG_IRQHandler           
20000200  __STACK_END                   
00000200  __STACK_SIZE                  
20000200  __STACK_TOP                   
000007a8  __TI_CINIT_Base               
000007b0  __TI_CINIT_Limit              
000007a0  __TI_Handler_Table_Base       
000007a8  __TI_Handler_Table_Limit      
00000659  __TI_auto_init_nobinit_nopinit
00000551  __TI_decompress_lzss          
00000775  __TI_decompress_none          
ffffffff  __TI_pprof_out_hndl           
ffffffff  __TI_prof_data_size           
ffffffff  __TI_prof_data_start          
00000000  __TI_static_base__            
00000443  __aeabi_memcpy                
00000443  __aeabi_memcpy4               
00000443  __aeabi_memcpy8               
ffffffff  __binit__                     
ffffffff  __c_args__                    
UNDEFED   __mpu_init                    
20000000  __stack                       
000006dd  _c_int00_noargs               
UNDEFED   _system_post_cinit            
0000078f  _system_pre_init              
00000793  abort                         
ffffffff  binit                         
00000000  interruptVectors              
000004e1  main                          
00000443  memcpy                        


GLOBAL SYMBOLS: SORTED BY Symbol Address 

address   name                          
-------   ----                          
00000000  __TI_static_base__            
00000000  interruptVectors              
00000200  __STACK_SIZE                  
00000209  GPIOPadConfigSet              
00000443  __aeabi_memcpy                
00000443  __aeabi_memcpy4               
00000443  __aeabi_memcpy8               
00000443  memcpy                        
000004df  ADC0SS0_IRQHandler            
000004df  ADC0SS1_IRQHandler            
000004df  ADC0SS2_IRQHandler            
000004df  ADC0SS3_IRQHandler            
000004df  ADC1SS0_IRQHandler            
000004df  ADC1SS1_IRQHandler            
000004df  ADC1SS2_IRQHandler            
000004df  ADC1SS3_IRQHandler            
000004df  AES0_IRQHandler               
000004df  BusFault_Handler              
000004df  CAN0_IRQHandler               
000004df  CAN1_IRQHandler               
000004df  COMP0_IRQHandler              
000004df  COMP1_IRQHandler              
000004df  COMP2_IRQHandler              
000004df  DES0_IRQHandler               
000004df  DebugMon_Handler              
000004df  Default_Handler               
000004df  EMAC0_IRQHandler              
000004df  EPI0_IRQHandler               
000004df  FLASH_IRQHandler              
000004df  GPIOA_IRQHandler              
000004df  GPIOB_IRQHandler              
000004df  GPIOC_IRQHandler              
000004df  GPIOD_IRQHandler              
000004df  GPIOE_IRQHandler              
000004df  GPIOF_IRQHandler              
000004df  GPIOG_IRQHandler              
000004df  GPIOH_IRQHandler              
000004df  GPIOJ_IRQHandler              
000004df  GPIOK_IRQHandler              
000004df  GPIOL_IRQHandler              
000004df  GPIOM_IRQHandler              
000004df  GPION_IRQHandler              
000004df  GPIOP0_IRQHandler             
000004df  GPIOP1_IRQHandler             
000004df  GPIOP2_IRQHandler             
000004df  GPIOP3_IRQHandler             
000004df  GPIOP4_IRQHandler             
000004df  GPIOP5_IRQHandler             
000004df  GPIOP6_IRQHandler             
000004df  GPIOP7_IRQHandler             
000004df  GPIOQ0_IRQHandler             
000004df  GPIOQ1_IRQHandler             
000004df  GPIOQ2_IRQHandler             
000004df  GPIOQ3_IRQHandler             
000004df  GPIOQ4_IRQHandler             
000004df  GPIOQ5_IRQHandler             
000004df  GPIOQ6_IRQHandler             
000004df  GPIOQ7_IRQHandler             
000004df  HIBERNATE_IRQHandler          
000004df  HardFault_Handler             
000004df  I2C0_IRQHandler               
000004df  I2C1_IRQHandler               
000004df  I2C2_IRQHandler               
000004df  I2C3_IRQHandler               
000004df  I2C4_IRQHandler               
000004df  I2C5_IRQHandler               
000004df  I2C6_IRQHandler               
000004df  I2C7_IRQHandler               
000004df  I2C8_IRQHandler               
000004df  I2C9_IRQHandler               
000004df  MemManage_Handler             
000004df  NMI_Handler                   
000004df  PWM0_0_IRQHandler             
000004df  PWM0_1_IRQHandler             
000004df  PWM0_2_IRQHandler             
000004df  PWM0_3_IRQHandler             
000004df  PWM0_FAULT_IRQHandler         
000004df  PendSV_Handler                
000004df  QEI0_IRQHandler               
000004df  SHA0_IRQHandler               
000004df  SSI0_IRQHandler               
000004df  SSI1_IRQHandler               
000004df  SSI2_IRQHandler               
000004df  SSI3_IRQHandler               
000004df  SVC_Handler                   
000004df  SYSCTL_IRQHandler             
000004df  SYSEXC_IRQHandler             
000004df  SysTick_Handler               
000004df  TAMPER0_IRQHandler            
000004df  TIMER0A_IRQHandler            
000004df  TIMER0B_IRQHandler            
000004df  TIMER1A_IRQHandler            
000004df  TIMER1B_IRQHandler            
000004df  TIMER2A_IRQHandler            
000004df  TIMER2B_IRQHandler            
000004df  TIMER3A_IRQHandler            
000004df  TIMER3B_IRQHandler            
000004df  TIMER4A_IRQHandler            
000004df  TIMER4B_IRQHandler            
000004df  TIMER5A_IRQHandler            
000004df  TIMER5B_IRQHandler            
000004df  TIMER6A_IRQHandler            
000004df  TIMER6B_IRQHandler            
000004df  TIMER7A_IRQHandler            
000004df  TIMER7B_IRQHandler            
000004df  UART0_IRQHandler              
000004df  UART1_IRQHandler              
000004df  UART2_IRQHandler              
000004df  UART3_IRQHandler              
000004df  UART4_IRQHandler              
000004df  UART5_IRQHandler              
000004df  UART6_IRQHandler              
000004df  UART7_IRQHandler              
000004df  UDMAERR_IRQHandler            
000004df  UDMA_IRQHandler               
000004df  USB0_IRQHandler               
000004df  UsageFault_Handler            
000004df  WATCHDOG_IRQHandler           
000004e1  main                          
00000551  __TI_decompress_lzss          
000005b9  GPIODirModeSet                
00000615  SysCtlPeripheralReady         
00000659  __TI_auto_init_nobinit_nopinit
0000069d  SysCtlPeripheralEnable        
000006dd  _c_int00_noargs               
00000711  GPIOPinTypeGPIOOutput         
00000735  GPIOPinWrite                  
00000755  SystemInit                    
00000775  __TI_decompress_none          
00000783  Reset_Handler                 
0000078f  _system_pre_init              
00000793  C$$EXIT                       
00000793  abort                         
000007a0  __TI_Handler_Table_Base       
000007a8  __TI_CINIT_Base               
000007a8  __TI_Handler_Table_Limit      
000007b0  __TI_CINIT_Limit              
20000000  __stack                       
20000200  SystemCoreClock               
20000200  __STACK_END                   
20000200  __STACK_TOP                   
ffffffff  __TI_pprof_out_hndl           
ffffffff  __TI_prof_data_size           
ffffffff  __TI_prof_data_start          
ffffffff  __binit__                     
ffffffff  __c_args__                    
ffffffff  binit                         
UNDEFED   __mpu_init                    
UNDEFED   _system_post_cinit            

[149 symbols]
